files/129.csv
id,week,center_id,meal_id,checkout_price,base_price,emailer_for_promotion,homepage_featured,num_orders
1161106,1,129,2539,118.37,119.37,0,0,94
1485651,2,129,2539,98,119.37,1,0,420
1003824,3,129,2539,95.06,118.37,0,0,256
1396331,4,129,2539,120.28,122.28,0,0,161
1259214,5,129,2539,119.34,119.34,0,0,271
1212297,6,129,2539,120.28,120.28,0,0,134
1225552,7,129,2539,121.28,122.28,0,0,203
1488166,8,129,2539,94.15,120.28,1,0,447
1462464,9,129,2539,119.31,121.31,0,0,188
1156792,10,129,2539,116.46,116.46,0,0,324
1081950,11,129,2539,119.31,119.31,0,0,285
1140298,12,129,2539,122.28,122.28,0,0,352
1132694,13,129,2539,121.28,120.28,0,0,271
1087921,14,129,2539,122.28,121.28,0,0,378
1045687,15,129,2539,120.34,120.34,0,0,312
1329177,16,129,2539,121.28,121.28,0,0,378
1396072,17,129,2539,121.28,122.28,0,0,177
1146718,18,129,2539,118.34,120.34,0,0,136
1208947,19,129,2539,121.31,120.31,0,0,231
1351348,20,129,2539,119.31,120.31,0,0,82
1442271,21,129,2539,120.31,120.31,0,0,406
1343231,22,129,2539,120.28,120.28,0,0,283
1030448,23,129,2539,122.25,121.25,0,0,312
1186067,24,129,2539,121.28,120.28,0,0,284
1066397,25,129,2539,119.31,121.31,0,0,325
1099746,26,129,2539,119.31,119.31,0,0,203
1039321,27,129,2539,121.28,122.28,0,0,243
1318158,28,129,2539,121.28,122.28,0,0,150
1086017,29,129,2539,120.31,120.31,0,0,229
1413025,30,129,2539,119.34,118.34,0,0,122
1364612,31,129,2539,122.28,120.28,0,0,244
1369816,32,129,2539,120.31,120.31,0,0,204
1313467,33,129,2539,122.28,120.28,0,0,257
1034800,34,129,2539,120.34,120.34,0,0,298
1289262,35,129,2539,122.25,122.25,0,0,215
1326885,36,129,2539,96.03,123.25,1,0,539
1097700,37,129,2539,109.61,110.61,0,0,352
1154713,38,129,2539,122.28,120.28,0,0,406
1431305,39,129,2539,119.34,118.34,0,0,485
1469199,40,129,2539,116.43,117.43,0,0,366
1250125,41,129,2539,119.31,121.31,0,0,311
1444043,42,129,2539,122.28,121.28,0,0,310
1219194,43,129,2539,119.31,120.31,0,0,296
1397751,44,129,2539,119.31,121.31,0,0,216
1231676,45,129,2539,97.97,121.31,0,0,311
1498492,46,129,2539,96.09,120.31,0,0,338
1210803,47,129,2539,97.03,119.31,0,0,325
1029187,48,129,2539,97.03,121.31,1,0,566
1461371,49,129,2539,97.06,120.31,1,0,730
1394609,50,129,2539,98.03,119.31,0,0,474
1184628,51,129,2539,99,119.31,0,0,283
1118180,52,129,2539,98.03,121.31,1,0,337
1395916,53,129,2539,97.03,120.31,0,0,365
1249037,54,129,2539,97.03,98.03,0,0,555
1015772,55,129,2539,113.55,113.55,0,0,216
1437757,56,129,2539,120.31,120.31,0,0,258
1390396,57,129,2539,121.28,121.28,0,0,242
1410702,58,129,2539,121.31,120.31,0,0,230
1032393,59,129,2539,122.25,122.25,0,0,161
1134956,60,129,2539,116.4,118.4,0,0,324
1023637,61,129,2539,95.12,116.4,0,0,285
1137364,62,129,2539,92.15,118.4,0,0,188
1327469,63,129,2539,117.37,117.37,0,0,284
1359514,64,129,2539,119.34,119.34,0,0,283
1405803,65,129,2539,119.31,119.31,0,0,149
1354421,66,129,2539,121.28,120.28,0,0,271
1458074,67,129,2539,118.34,119.34,0,0,298
1286914,68,129,2539,98.03,119.34,0,0,377
1278918,69,129,2539,95.06,118.34,0,0,351
1114579,70,129,2539,118.37,117.37,0,0,136
1030751,71,129,2539,120.34,118.34,0,0,270
1196109,72,129,2539,121.28,122.28,0,0,161
1065996,73,129,2539,119.37,117.37,0,0,175
1447543,74,129,2539,120.31,121.31,0,0,242
1100297,75,129,2539,119.31,120.31,0,0,217
1139479,76,129,2539,119.34,119.34,0,0,108
1122712,77,129,2539,120.28,122.28,0,0,150
1131887,78,129,2539,118.37,119.37,0,0,175
1013580,79,129,2539,117.37,117.37,0,0,202
1057349,80,129,2539,121.28,122.28,0,0,123
1124324,81,129,2539,117.37,119.37,0,0,256
1261449,82,129,2539,121.28,121.28,0,0,243
1001952,83,129,2539,120.28,121.28,0,0,150
1076269,84,129,2539,119.31,120.31,0,0,189
1063062,85,129,2539,96.03,120.31,0,0,256
1249558,86,129,2539,97,120.31,1,0,298
1382263,87,129,2539,119.34,120.34,0,0,339
1081712,88,129,2539,121.31,121.31,0,0,216
1349537,89,129,2539,121.28,121.28,0,0,215
1140305,90,129,2539,117.37,118.37,0,0,163
1172084,91,129,2539,123.25,123.25,0,0,161
1370597,92,129,2539,118.37,118.37,0,0,188
1173583,93,129,2539,121.31,121.31,0,0,242
1388756,94,129,2539,122.28,120.28,0,0,175
1156866,95,129,2539,119.34,120.34,0,0,270
1263166,96,129,2539,118.4,117.4,0,0,134
1048314,97,129,2539,119.31,120.31,0,0,216
1217723,98,129,2539,118.37,117.37,0,0,269
1352421,99,129,2539,119.34,120.34,0,0,136
1470198,100,129,2539,116.4,118.4,0,0,337
1139508,101,129,2539,119.31,121.31,0,0,189
1293816,102,129,2539,115.46,114.46,0,0,270
1469234,103,129,2539,99,116.46,0,0,69
1416433,104,129,2539,97,116.46,1,0,365
1104972,105,129,2539,118.34,119.34,0,0,188
1444155,106,129,2539,122.25,122.25,0,0,122
1063660,107,129,2539,95.06,121.25,0,0,351
1302277,108,129,2539,99,122.25,0,0,217
1193960,109,129,2539,97.06,122.25,0,0,217
1076535,110,129,2539,98,123.25,0,0,136
1155348,111,129,2539,97.06,122.25,0,0,82
1459672,112,129,2539,98.03,121.25,0,0,122
1087202,113,129,2539,95.06,97.06,0,0,257
1198161,114,129,2539,98.03,97.03,0,0,202
1486485,115,129,2539,96.06,96.06,0,0,149
1065185,116,129,2539,94.09,94.09,0,0,161
1367427,117,129,2539,98.03,97.03,0,0,189
1005651,118,129,2539,118.34,119.34,0,0,257
1464124,119,129,2539,97,120.34,0,0,109
1036233,120,129,2539,98,120.34,0,0,121
1108299,121,129,2539,119.31,119.31,0,0,148
1293194,122,129,2539,120.31,119.31,0,0,95
1016237,123,129,2539,97.97,121.31,0,0,203
1281445,124,129,2539,120.28,121.28,0,0,189
1277258,125,129,2539,121.31,120.31,0,0,176
1250196,126,129,2539,120.28,121.28,0,0,190
1150906,127,129,2539,120.34,120.34,0,0,122
1424826,128,129,2539,121.31,119.31,0,0,163
1108569,129,129,2539,123.25,122.25,0,0,188
1206370,130,129,2539,119.34,119.34,0,0,188
1146834,131,129,2539,122.28,120.28,0,0,136
1410850,132,129,2539,104.82,120.28,0,0,149
1152963,133,129,2539,97.03,120.28,0,0,242
1196515,134,129,2539,97.03,121.28,0,1,216
1146766,135,129,2539,103.82,120.28,0,0,148
1470130,136,129,2539,123.25,122.25,0,0,176
1351675,137,129,2539,121.28,122.28,0,0,177
1041174,138,129,2539,119.34,120.34,0,0,176
1334933,139,129,2539,117.37,117.37,0,0,148
1427382,140,129,2539,121.28,122.28,0,0,176
1389079,141,129,2539,121.28,122.28,0,0,190
1077082,142,129,2539,121.28,122.28,0,0,134
1025599,143,129,2539,119.31,119.31,0,0,230
1355758,144,129,2539,121.25,123.25,0,0,242
1462273,145,129,2539,134.86,134.86,0,0,177
1048419,1,129,2139,455.93,456.93,0,0,26
1492057,2,129,2139,455.93,456.93,0,0,26
1021506,4,129,2139,455.93,455.93,0,0,13
1219810,5,129,2139,456.93,454.93,0,0,27
1186345,10,129,2139,455.93,454.93,0,0,41
1281882,13,129,2139,456.93,454.93,0,0,42
1180568,15,129,2139,433.62,432.62,0,0,26
1231514,16,129,2139,454.93,456.93,0,0,28
1395305,17,129,2139,410.34,456.93,0,0,13
1488905,18,129,2139,411.34,454.93,0,0,15
1418819,19,129,2139,454.93,454.93,0,0,40
1189365,20,129,2139,455.93,454.93,0,0,15
1382857,23,129,2139,456.93,456.93,0,0,26
1168748,24,129,2139,409.34,456.93,0,0,13
1456431,25,129,2139,455.93,456.93,0,0,26
1325630,26,129,2139,455.93,454.93,0,0,13
1479953,28,129,2139,291,454.93,0,0,15
1380280,29,129,2139,292,454.93,0,0,42
1293991,30,129,2139,288.12,456.93,0,0,41
1410435,31,129,2139,282.27,454.93,0,0,26
1356993,32,129,2139,298.82,454.93,0,0,13
1037689,33,129,2139,267.75,456.93,0,0,13
1355651,35,129,2139,297.82,298.82,0,0,54
1306440,36,129,2139,296.82,297.82,0,0,41
1435229,37,129,2139,298.82,296.82,0,0,13
1180211,38,129,2139,289.12,287.12,0,0,40
1313709,39,129,2139,296.82,298.82,0,0,13
1195860,40,129,2139,298.82,296.82,0,0,26
1336065,41,129,2139,298.82,297.82,0,0,27
1037696,42,129,2139,287.12,288.12,0,0,42
1489925,43,129,2139,308.49,307.49,0,0,14
1088567,44,129,2139,307.49,308.49,0,0,41
1129639,45,129,2139,307.49,308.49,0,0,27
1293781,46,129,2139,276.45,307.49,0,0,14
1356177,47,129,2139,309.49,309.49,0,0,27
1199206,48,129,2139,309.49,307.49,0,0,41
1088670,49,129,2139,293.97,291.97,0,0,28
1159676,51,129,2139,309.49,308.49,0,0,13
1011083,52,129,2139,308.49,309.49,0,0,13
1371561,54,129,2139,308.49,307.49,0,0,13
1158401,55,129,2139,290.03,292.03,0,0,14
1180554,56,129,2139,292.03,291.03,0,0,14
1301858,57,129,2139,285.18,285.18,0,0,54
1338931,58,129,2139,260.93,286.18,0,1,15
1237931,59,129,2139,296.82,296.82,0,0,41
1217009,60,129,2139,297.82,297.82,0,0,41
1181350,62,129,2139,288.12,289.12,0,0,28
1274781,63,129,2139,307.49,307.49,0,0,28
1343592,64,129,2139,307.49,308.49,0,0,15
1412662,65,129,2139,291.97,292.97,0,0,27
1125523,66,129,2139,299.73,299.73,0,0,53
1478411,68,129,2139,244.5,300.73,0,0,26
1060742,69,129,2139,237.65,299.73,0,0,67
1225286,70,129,2139,242.5,301.73,0,0,14
1386930,72,129,2139,237.68,301.73,0,0,53
1488040,73,129,2139,268.72,299.73,0,0,55
1112971,74,129,2139,291.03,291.03,0,0,13
1466869,75,129,2139,292.03,290.03,0,0,40
1253160,76,129,2139,276.48,277.48,0,0,26
1082798,77,129,2139,280.33,282.33,0,0,41
1071516,78,129,2139,291.03,291.03,0,0,69
1422873,79,129,2139,290.03,292.03,0,0,27
1217183,80,129,2139,280.39,280.39,0,0,68
1098785,82,129,2139,277.48,276.48,0,0,28
1362444,83,129,2139,260.93,262.93,0,0,15
1158724,84,129,2139,291.03,290.03,0,0,26
1190591,85,129,2139,290.03,290.03,0,0,27
1164418,86,129,2139,292.03,290.03,0,0,26
1166006,87,129,2139,292.03,290.03,0,0,53
1172824,88,129,2139,275.48,275.48,0,0,27
1177477,89,129,2139,280.33,281.33,0,0,42
1055189,90,129,2139,291.03,290.03,0,0,40
1327769,91,129,2139,284.24,284.24,0,0,54
1484497,92,129,2139,290.03,292.03,0,0,80
1413385,93,129,2139,261.93,291.03,0,0,27
1414229,94,129,2139,275.48,276.48,0,0,28
1299089,95,129,2139,285.18,285.18,0,0,80
1187390,97,129,2139,290.03,291.03,0,0,26
1185348,98,129,2139,290.03,290.03,0,0,15
1010988,99,129,2139,290.03,290.03,0,0,28
1212864,100,129,2139,291.03,292.03,0,0,13
1433960,101,129,2139,292.03,290.03,0,0,40
1168354,102,129,2139,290.03,290.03,0,0,54
1001234,104,129,2139,285.21,284.21,0,0,15
1493932,105,129,2139,286.18,286.18,0,0,81
1343183,106,129,2139,277.48,276.48,0,0,26
1496489,107,129,2139,290.03,290.03,0,0,41
1415597,108,129,2139,276.48,277.48,0,0,55
1447286,109,129,2139,270.63,271.63,0,0,81
1411308,110,129,2139,290.03,291.03,0,0,13
1323768,111,129,2139,290.03,290.03,0,0,26
1392508,112,129,2139,281.33,282.33,0,0,42
1089463,113,129,2139,261.93,261.93,0,0,40
1129696,114,129,2139,276.48,277.48,0,0,26
1331243,115,129,2139,285.18,285.18,0,0,82
1103734,116,129,2139,261.93,261.93,0,0,13
1120291,117,129,2139,290.03,292.03,0,0,69
1420536,118,129,2139,288.15,288.15,0,0,109
1294688,119,129,2139,275.48,276.48,0,0,55
1175846,121,129,2139,290.03,292.03,0,0,28
1464037,122,129,2139,282.33,281.33,0,0,41
1238606,123,129,2139,285.24,285.24,0,0,55
1302868,125,129,2139,291.03,291.03,0,0,14
1415175,126,129,2139,292.03,290.03,0,0,54
1452307,127,129,2139,292.03,290.03,0,0,26
1080160,128,129,2139,292.03,292.03,0,0,28
1319648,130,129,2139,260.93,292.03,0,0,13
1241665,131,129,2139,291.03,292.03,0,0,42
1134115,132,129,2139,291.03,291.03,0,0,55
1131617,133,129,2139,290.03,290.03,0,0,27
1211020,134,129,2139,290.03,291.03,0,0,15
1373687,135,129,2139,281.33,282.33,0,0,40
1298005,136,129,2139,290.03,291.03,0,0,81
1413427,137,129,2139,281.33,282.33,0,0,41
1413469,138,129,2139,261.93,262.93,0,0,15
1058838,139,129,2139,275.48,275.48,0,0,41
1095534,140,129,2139,292.03,290.03,0,0,14
1470515,141,129,2139,292.03,290.03,0,0,26
1101017,142,129,2139,292.03,290.03,0,0,13
1370385,143,129,2139,291.03,292.03,0,0,27
1388339,144,129,2139,291.03,292.03,0,0,27
1376494,145,129,2139,241.53,292.03,0,0,14
1173856,1,129,2631,251.23,251.23,0,0,28
1374712,2,129,2631,99,251.23,1,0,81
1026707,3,129,2631,94.15,252.23,0,1,177
1126759,4,129,2631,98,251.23,0,1,81
1180986,5,129,2631,98,252.23,0,1,15
1406467,6,129,2631,261.93,261.93,0,0,14
1060200,7,129,2631,261.93,262.93,0,0,26
1096100,8,129,2631,260.93,262.93,0,1,15
1248813,9,129,2631,261.93,261.93,0,0,28
1050996,10,129,2631,248.32,262.93,0,1,28
1118492,11,129,2631,260.93,260.93,0,0,40
1478383,13,129,2631,260.93,260.93,0,0,26
1242314,14,129,2631,207.64,262.93,0,0,40
1486279,15,129,2631,90.21,262.93,1,0,135
1304316,16,129,2631,112.55,261.93,0,0,135
1180094,17,129,2631,96.09,262.93,0,1,177
1073433,18,129,2631,98.03,262.93,0,1,41
1311166,19,129,2631,262.93,260.93,0,1,67
1114046,20,129,2631,261.93,262.93,0,1,13
1283968,21,129,2631,262.93,261.93,0,1,42
1399113,22,129,2631,261.93,261.93,0,1,15
1317192,23,129,2631,124.16,262.93,0,1,67
1017588,24,129,2631,94.12,261.93,1,1,217
1166164,25,129,2631,97.06,261.93,0,1,163
1260494,26,129,2631,91.24,260.93,0,1,82
1052966,27,129,2631,99,260.93,0,1,28
1225377,28,129,2631,138.74,260.93,0,1,14
1414352,29,129,2631,154.26,261.93,0,0,53
1303283,30,129,2631,147.44,260.93,0,0,135
1463668,31,129,2631,151.32,262.93,0,1,123
1405724,32,129,2631,154.26,261.93,0,1,108
1318969,33,129,2631,152.32,260.93,1,1,217
1099361,34,129,2631,149.41,260.93,1,1,189
1207019,35,129,2631,155.26,262.93,0,1,107
1040748,36,129,2631,155.26,260.93,0,1,53
1276682,37,129,2631,154.26,261.93,0,1,40
1371427,38,129,2631,154.26,261.93,0,0,69
1127672,39,129,2631,153.26,260.93,0,1,54
1252938,40,129,2631,97,260.93,0,1,27
1485575,41,129,2631,97.06,260.93,1,1,135
1015824,42,129,2631,98,260.93,1,0,244
1340019,43,129,2631,153.26,261.93,0,0,82
1237539,44,129,2631,154.26,153.26,0,0,28
1435942,46,129,2631,150.38,149.38,0,0,108
1133839,47,129,2631,128.1,151.38,0,0,41
1460774,48,129,2631,95.09,149.38,0,0,40
1144636,49,129,2631,95.06,150.38,0,0,82
1351825,50,129,2631,97,150.38,0,0,26
1460304,51,129,2631,96.06,151.38,0,0,148
1188011,52,129,2631,119.31,151.38,0,0,82
1022827,53,129,2631,154.26,155.26,0,0,55
1004182,54,129,2631,151.35,152.35,0,0,67
1257001,55,129,2631,148.44,147.44,0,0,69
1173563,56,129,2631,154.26,155.26,0,0,40
1329850,57,129,2631,153.26,155.26,0,0,41
1075265,59,129,2631,148.41,150.41,0,0,40
1230518,60,129,2631,151.38,150.38,0,0,42
1182547,61,129,2631,146.47,148.47,0,0,81
1429821,63,129,2631,155.26,155.26,0,0,54
1000047,64,129,2631,152.35,152.35,0,0,80
1248148,65,129,2631,153.26,153.26,0,0,15
1040639,66,129,2631,150.41,148.41,0,0,42
1490811,67,129,2631,151.35,151.35,0,0,81
1307507,68,129,2631,96.06,152.35,1,0,148
1286015,69,129,2631,98.03,151.35,1,0,189
1252401,70,129,2631,96.09,152.35,0,0,69
1343314,71,129,2631,95.06,151.35,0,0,109
1145519,72,129,2631,154.26,153.26,0,0,96
1380133,73,129,2631,154.26,155.26,0,0,42
1251216,74,129,2631,154.26,153.26,0,0,28
1093713,75,129,2631,150.35,152.35,0,0,68
1078133,76,129,2631,140.71,139.71,0,0,80
1393805,77,129,2631,97,138.71,0,0,42
1294543,78,129,2631,96.09,140.71,0,0,95
1362026,80,129,2631,95.09,138.71,0,0,80
1014776,81,129,2631,102.85,139.71,0,0,95
1111766,82,129,2631,155.26,153.26,0,0,54
1410941,83,129,2631,151.35,150.35,0,0,54
1169511,84,129,2631,155.26,153.26,0,0,13
1179676,85,129,2631,96.09,153.26,1,0,123
1250271,86,129,2631,97,155.26,0,0,27
1086601,87,129,2631,98,154.26,0,0,26
1344897,89,129,2631,97.03,153.26,0,0,162
1459185,90,129,2631,148.41,149.41,0,0,94
1209165,91,129,2631,155.26,155.26,0,0,80
1445294,92,129,2631,154.26,155.26,0,0,53
1283562,93,129,2631,153.26,154.26,0,0,67
1253174,94,129,2631,150.35,155.26,0,1,148
1242655,95,129,2631,146.5,146.5,0,0,82
1397637,96,129,2631,151.35,151.35,0,0,67
1201499,97,129,2631,149.41,149.41,0,0,134
1412154,98,129,2631,154.26,155.26,0,0,150
1262579,99,129,2631,135.86,154.26,0,0,94
1098702,100,129,2631,98,154.26,0,0,68
1321121,101,129,2631,98,154.26,0,0,42
1068217,102,129,2631,89.3,153.26,0,0,15
1220647,103,129,2631,95.09,153.26,0,0,13
1463934,104,129,2631,96.03,153.26,0,0,69
1060699,105,129,2631,92.18,93.18,0,0,67
1000591,107,129,2631,145.5,145.5,0,0,54
1038956,108,129,2631,148.44,149.44,0,0,68
1310025,110,129,2631,153.26,153.26,0,0,13
1473042,111,129,2631,153.26,154.26,0,0,14
1486663,112,129,2631,149.44,149.44,0,0,107
1436613,113,129,2631,154.26,155.26,0,0,68
1220099,114,129,2631,153.32,152.32,0,0,94
1413993,115,129,2631,153.26,155.26,0,0,121
1349639,116,129,2631,153.26,153.26,0,0,82
1244093,117,129,2631,150.41,150.41,0,0,41
1134482,118,129,2631,151.35,150.35,0,0,55
1302653,119,129,2631,155.26,154.26,0,0,15
1030948,120,129,2631,153.26,153.26,0,0,55
1157511,121,129,2631,95.06,154.26,1,0,69
1113957,122,129,2631,91.21,155.26,0,1,40
1287909,124,129,2631,99,153.26,0,0,81
1109411,125,129,2631,148.44,148.44,0,0,67
1498337,126,129,2631,150.35,151.35,0,0,81
1281072,127,129,2631,147.5,147.5,0,0,26
1171630,128,129,2631,150.41,150.41,0,0,96
1326880,129,129,2631,145.56,145.56,0,0,69
1181250,130,129,2631,152.32,152.32,0,0,96
1205782,131,129,2631,155.26,154.26,0,0,28
1346621,132,129,2631,145.5,147.5,0,0,55
1352356,133,129,2631,154.26,153.26,0,0,41
1181443,134,129,2631,97.03,153.26,1,0,163
1121270,135,129,2631,97,155.26,0,0,41
1285803,136,129,2631,96.06,154.26,0,0,109
1172708,137,129,2631,95.09,155.26,0,0,80
1158285,138,129,2631,93.12,153.26,0,0,107
1049744,139,129,2631,95.06,153.26,0,0,109
1467439,140,129,2631,95.06,155.26,0,0,69
1238323,142,129,2631,154.26,155.26,0,0,95
1226820,143,129,2631,153.32,151.32,0,0,94
1122937,145,129,2631,153.26,153.26,0,0,27
