files/129.csv
id,week,center_id,meal_id,checkout_price,base_price,emailer_for_promotion,homepage_featured,num_orders
1487159,1,129,1248,208.61,251.23,0,0,53
1263063,2,129,1248,96.09,252.23,1,0,136
1303988,3,129,1248,97,253.23,0,1,69
1337170,4,129,1248,116.46,251.23,0,1,121
1347335,5,129,1248,99,253.23,0,1,54
1456526,6,129,1248,236.74,236.74,0,0,13
1043648,8,129,1248,262.93,234.74,0,1,27
1475375,9,129,1248,252.2,252.2,0,0,41
1090549,10,129,1248,254.2,253.2,0,1,41
1141111,11,129,1248,261.93,260.93,0,0,69
1135970,12,129,1248,261.93,262.93,0,0,41
1404835,13,129,1248,262.93,260.93,0,0,41
1140873,14,129,1248,195.03,260.93,0,0,68
1171085,15,129,1248,98.03,260.93,1,0,271
1017746,16,129,1248,97.06,262.93,0,0,96
1470335,17,129,1248,96.09,262.93,0,0,284
1288827,18,129,1248,94.12,260.93,0,1,94
1219952,19,129,1248,256.14,255.14,0,0,54
1157018,20,129,1248,243.47,244.47,0,0,40
1082787,22,129,1248,261.93,261.93,0,0,80
1280970,23,129,1248,180.45,260.93,0,1,28
1154531,24,129,1248,97.06,262.93,1,1,162
1211060,25,129,1248,98.03,260.93,0,1,188
1301541,26,129,1248,97,262.93,0,1,69
1192304,27,129,1248,95.12,260.93,0,0,96
1038347,28,129,1248,147.5,262.93,0,0,81
1485898,29,129,1248,153.26,261.93,0,0,28
1471657,30,129,1248,147.5,261.93,0,1,27
1430317,31,129,1248,155.26,260.93,0,1,28
1150648,32,129,1248,150.41,260.93,0,1,41
1060043,33,129,1248,145.5,262.93,1,0,28
1250997,34,129,1248,148.41,260.93,1,0,94
1132259,35,129,1248,151.38,260.93,0,0,55
1037164,36,129,1248,155.26,261.93,0,0,27
1130824,37,129,1248,150.41,260.93,0,0,40
1440649,38,129,1248,150.38,150.38,0,0,54
1002111,39,129,1248,153.26,154.26,0,0,41
1260980,40,129,1248,97,153.26,0,0,40
1306541,41,129,1248,97.03,155.26,1,0,135
1229341,42,129,1248,103.85,155.26,1,0,150
1396681,43,129,1248,152.35,150.35,0,0,81
1468481,44,129,1248,154.26,153.26,0,0,13
1220880,45,129,1248,155.26,154.26,0,0,67
1039963,46,129,1248,148.44,147.44,0,0,69
1041827,47,129,1248,134.83,135.83,0,0,40
1315889,48,129,1248,98,135.83,0,0,26
1409584,49,129,1248,94.15,136.83,0,0,26
1227395,50,129,1248,93.18,135.83,0,0,67
1257531,51,129,1248,94.09,134.83,0,0,40
1026191,52,129,1248,154.26,153.26,0,0,15
1158543,53,129,1248,155.26,154.26,0,0,26
1104562,54,129,1248,146.53,146.53,0,0,122
1061236,55,129,1248,154.26,154.26,0,0,53
1250533,56,129,1248,145.5,145.5,0,0,28
1420783,57,129,1248,153.26,154.26,0,0,13
1360403,58,129,1248,150.38,151.38,0,0,53
1363116,60,129,1248,153.26,153.26,0,0,69
1383831,61,129,1248,154.26,154.26,0,0,42
1393135,62,129,1248,153.26,154.26,0,0,15
1263344,63,129,1248,153.26,153.26,0,0,41
1441946,64,129,1248,151.35,151.35,0,0,55
1338507,65,129,1248,147.5,146.5,0,0,26
1385049,66,129,1248,150.41,150.41,0,0,41
1477520,67,129,1248,153.32,152.32,0,0,96
1349285,68,129,1248,96.03,152.32,1,0,109
1251889,69,129,1248,99,151.32,1,0,175
1154044,70,129,1248,97.06,153.32,0,0,67
1390955,71,129,1248,97,153.32,0,0,69
1305562,72,129,1248,153.26,153.26,0,0,13
1223575,74,129,1248,153.26,154.26,0,0,15
1331288,75,129,1248,153.26,154.26,0,0,108
1104425,76,129,1248,155.26,155.26,0,0,28
1176456,77,129,1248,97,154.26,0,0,67
1081993,78,129,1248,94.09,154.26,0,0,82
1397091,79,129,1248,92.15,154.26,0,0,28
1386765,80,129,1248,99,153.26,0,0,81
1325780,81,129,1248,154.26,153.26,0,0,13
1439999,82,129,1248,153.26,153.26,0,0,28
1397709,83,129,1248,142.59,142.59,0,0,40
1356912,84,129,1248,147.5,145.5,0,0,28
1246991,85,129,1248,97.97,146.5,1,1,296
1088555,86,129,1248,95.09,145.5,0,1,135
1270601,87,129,1248,97.06,147.5,0,1,161
1424603,88,129,1248,97,147.5,0,1,80
1412509,89,129,1248,98,146.5,0,0,107
1283836,90,129,1248,153.26,154.26,0,0,13
1264983,91,129,1248,154.26,155.26,0,0,13
1281440,92,129,1248,139.74,155.26,0,0,14
1376007,93,129,1248,155.26,154.26,0,0,40
1038921,94,129,1248,153.26,153.26,0,1,13
1060030,95,129,1248,153.26,154.26,0,0,42
1400569,96,129,1248,153.26,154.26,0,0,14
1417818,97,129,1248,153.26,154.26,0,0,42
1238262,98,129,1248,153.26,154.26,0,0,14
1104903,100,129,1248,97,155.26,0,1,54
1330459,101,129,1248,97,153.26,0,1,94
1166728,102,129,1248,99,154.26,0,0,14
1294904,104,129,1248,103.82,154.26,0,0,27
1025417,105,129,1248,98,155.26,0,0,42
1170904,106,129,1248,153.26,155.26,0,0,14
1088061,107,129,1248,155.26,155.26,0,0,26
1452938,108,129,1248,153.26,154.26,0,0,14
1380198,109,129,1248,154.26,155.26,0,0,26
1115131,110,129,1248,138.74,154.26,0,0,14
1160932,111,129,1248,154.26,154.26,0,0,27
1000181,112,129,1248,143.59,144.59,0,0,40
1472773,113,129,1248,150.38,150.38,0,0,54
1465620,114,129,1248,155.26,155.26,0,0,82
1201718,116,129,1248,148.41,150.41,0,0,40
1449457,117,129,1248,139.74,139.74,0,0,28
1474400,118,129,1248,154.26,153.26,0,0,13
1091232,119,129,1248,154.26,155.26,0,0,14
1074610,120,129,1248,150.41,149.41,0,0,41
1431959,121,129,1248,101.88,150.41,1,0,177
1469479,122,129,1248,104.76,150.41,0,1,82
1455571,123,129,1248,98,148.41,0,0,14
1459780,124,129,1248,99,149.41,0,0,13
1145678,125,129,1248,154.26,153.26,0,0,27
1420486,126,129,1248,153.26,154.26,0,0,13
1288945,128,129,1248,153.26,153.26,0,0,14
1093397,129,129,1248,149.41,148.41,0,0,40
1027322,130,129,1248,154.26,154.26,0,0,55
1089542,132,129,1248,155.26,153.26,0,0,15
1020708,134,129,1248,95.06,155.26,1,0,150
1372852,135,129,1248,95.06,154.26,0,0,54
1417212,136,129,1248,97,155.26,0,0,40
1369552,137,129,1248,98,155.26,0,0,28
1334634,138,129,1248,93.18,153.26,0,0,96
1210122,139,129,1248,93.15,154.26,0,0,27
1491339,140,129,1248,95.06,153.26,0,0,81
1141691,141,129,1248,154.26,153.26,0,0,15
1380042,142,129,1248,149.38,151.38,0,0,42
1151053,143,129,1248,155.26,154.26,0,0,40
1275248,144,129,1248,150.38,150.38,0,0,54
1214261,145,129,1248,151.35,152.35,0,0,80
1411408,1,129,1778,173.63,175.63,0,0,229
1451511,2,129,1778,179.45,181.45,0,0,269
1047774,3,129,1778,181.39,182.39,0,0,150
1024499,4,129,1778,181.45,180.45,0,0,242
1342023,5,129,1778,169.81,169.81,0,0,163
1076435,6,129,1778,159.14,159.14,0,0,217
1002701,7,129,1778,158.14,158.14,0,0,231
1402772,8,129,1778,153.26,154.26,0,0,175
1327672,9,129,1778,156.17,158.17,0,0,230
1158965,10,129,1778,158.14,157.14,0,0,202
1352143,11,129,1778,161.08,160.08,0,0,190
1063157,12,129,1778,175.63,175.63,0,0,284
1447736,13,129,1778,180.45,181.45,0,0,136
1371648,14,129,1778,177.57,176.57,0,0,163
1086567,15,129,1778,182.42,182.42,0,0,190
1225603,16,129,1778,178.54,178.54,0,0,108
1120041,17,129,1778,159.08,160.08,0,0,283
1337923,18,129,1778,156.2,159.08,1,0,323
1273755,19,129,1778,154.29,152.29,0,0,258
1442809,20,129,1778,156.2,157.2,0,0,337
1454537,21,129,1778,152.29,152.29,0,0,217
1448319,22,129,1778,160.08,161.08,0,0,350
1015785,23,129,1778,157.14,158.14,0,0,190
1264370,24,129,1778,177.51,179.51,0,0,202
1100495,25,129,1778,180.48,179.48,0,0,150
1440653,26,129,1778,178.54,176.54,0,0,188
1210064,27,129,1778,183.39,181.39,0,0,122
1320076,28,129,1778,179.51,178.51,0,0,136
1307432,29,129,1778,163.96,164.96,0,0,258
1135171,30,129,1778,156.23,154.23,0,0,202
1347653,31,129,1778,155.26,155.26,0,0,366
1292735,32,129,1778,160.05,153.26,1,0,406
1265398,33,129,1778,155.2,155.2,0,0,338
1386392,34,129,1778,155.23,155.23,0,0,176
1497044,35,129,1778,160.11,159.11,0,0,177
1053418,36,129,1778,158.14,158.14,0,0,242
1339758,37,129,1778,174.66,173.66,0,0,230
1115544,38,129,1778,176.6,175.6,0,0,67
1230178,39,129,1778,179.51,179.51,0,0,177
1208378,40,129,1778,181.45,181.45,0,0,136
1087622,41,129,1778,182.39,181.39,0,0,162
1432537,42,129,1778,184.33,183.33,0,0,190
1016109,43,129,1778,180.48,178.48,0,0,283
1358550,44,129,1778,177.57,176.57,0,0,188
1227067,45,129,1778,155.2,175.57,0,0,108
1195274,46,129,1778,180.48,178.48,0,0,215
1378445,47,129,1778,183.33,185.33,0,0,94
1153930,48,129,1778,180.42,181.42,0,0,81
1185919,49,129,1778,180.48,180.48,0,0,108
1123280,50,129,1778,183.33,184.33,0,0,53
1284078,51,129,1778,183.33,183.33,0,0,81
1075317,52,129,1778,177.54,178.54,0,0,203
1144323,53,129,1778,179.45,180.45,0,0,190
1399412,54,129,1778,181.39,181.39,0,0,149
1243858,55,129,1778,181.45,181.45,0,0,107
1318870,56,129,1778,171.75,169.75,0,0,175
1064045,57,129,1778,157.17,157.17,0,0,229
1052346,58,129,1778,157.17,158.17,0,0,177
1117174,59,129,1778,157.14,157.14,0,0,190
1072171,60,129,1778,156.17,156.17,0,0,271
1272509,61,129,1778,160.08,161.08,0,0,177
1142376,62,129,1778,174.6,175.6,0,0,123
1445978,63,129,1778,178.48,178.48,0,0,161
1198767,64,129,1778,170.72,172.72,0,0,175
1203560,65,129,1778,181.42,182.42,0,0,176
1413663,66,129,1778,183.33,185.33,0,0,54
1385759,67,129,1778,180.48,180.48,0,0,188
1395136,68,129,1778,182.39,183.39,0,0,108
1279254,69,129,1778,181.45,179.45,0,0,123
1306390,70,129,1778,182.39,181.39,0,0,162
1240532,71,129,1778,182.42,180.42,0,0,95
1055403,72,129,1778,184.33,183.33,0,0,161
1489548,73,129,1778,175.6,174.6,0,0,82
1276760,74,129,1778,181.39,182.39,0,0,123
1467697,75,129,1778,180.42,182.42,0,0,96
1432209,76,129,1778,181.42,182.42,0,0,148
1041797,77,129,1778,171.75,170.75,0,0,163
1186468,78,129,1778,179.51,179.51,0,0,81
1423873,79,129,1778,179.51,179.51,0,0,121
1085113,80,129,1778,177.51,179.51,0,0,190
1370284,81,129,1778,179.45,181.45,0,0,122
1236009,82,129,1778,178.48,180.48,0,0,217
1076190,83,129,1778,178.54,178.54,0,0,107
1337338,84,129,1778,178.51,179.51,0,0,81
1230512,85,129,1778,178.54,177.54,0,0,150
1257950,86,129,1778,180.48,179.48,0,0,107
1389211,87,129,1778,181.39,181.39,0,0,94
1046779,88,129,1778,162.05,183.39,0,0,94
1075451,89,129,1778,154.23,181.39,0,0,203
1360565,90,129,1778,158.17,181.39,0,0,230
1468799,91,129,1778,162.99,183.39,0,0,161
1044030,92,129,1778,158.17,183.39,0,0,204
1388579,93,129,1778,151.35,182.39,0,0,176
1364723,94,129,1778,162.99,162.99,0,0,81
1372007,95,129,1778,162.99,162.99,0,0,94
1137058,96,129,1778,152.32,153.32,0,0,188
1284277,97,129,1778,154.23,154.23,0,0,41
1155605,98,129,1778,153.32,152.32,0,0,80
1346485,99,129,1778,157.2,156.2,0,0,54
1247732,100,129,1778,156.23,156.23,0,0,136
1124128,101,129,1778,154.29,152.29,0,0,136
1273827,102,129,1778,152.29,152.29,0,0,67
1105950,103,129,1778,162.96,164.96,0,0,176
1399210,104,129,1778,163.02,162.02,0,0,216
1356390,105,129,1778,161.08,161.08,0,0,149
1066646,106,129,1778,155.2,155.2,0,0,204
1068734,107,129,1778,158.11,159.11,0,0,203
1064347,108,129,1778,155.26,153.26,0,0,216
1078112,109,129,1778,168.81,167.81,0,0,256
1180106,110,129,1778,181.39,183.39,0,0,109
1064697,111,129,1778,178.48,179.48,0,0,161
1317053,112,129,1778,179.48,178.48,0,0,217
1092396,113,129,1778,138.71,179.48,0,0,216
1239896,114,129,1778,155.23,180.48,1,0,108
1431625,115,129,1778,162.99,162.99,0,0,95
1422710,116,129,1778,154.23,162.99,1,0,311
1266285,117,129,1778,180.48,179.48,0,0,229
1164519,118,129,1778,176.57,177.57,0,0,94
1048337,119,129,1778,181.39,181.39,0,0,107
1070498,120,129,1778,175.57,177.57,0,0,161
1036264,121,129,1778,185.33,184.33,0,0,121
1215388,122,129,1778,177.51,178.51,0,0,176
1169608,123,129,1778,172.69,173.69,0,0,122
1225365,124,129,1778,182.42,180.42,0,0,95
1340174,125,129,1778,176.57,176.57,0,0,161
1391307,126,129,1778,180.45,179.45,0,0,122
1093522,127,129,1778,178.51,179.51,0,0,162
1400033,128,129,1778,177.57,176.57,0,0,230
1350946,129,129,1778,180.45,179.45,0,0,189
1069673,130,129,1778,178.48,178.48,0,0,216
1173147,131,129,1778,181.42,182.42,0,0,149
1045067,132,129,1778,156.17,182.42,1,0,229
1171435,133,129,1778,157.17,182.42,0,0,148
1323307,134,129,1778,160.11,182.42,0,0,216
1456698,135,129,1778,161.08,181.42,0,0,96
1185972,136,129,1778,153.29,181.42,0,0,202
1151619,137,129,1778,152.29,182.42,0,0,190
1149330,138,129,1778,179.51,178.51,0,0,230
1366626,139,129,1778,180.48,179.48,0,0,242
1151388,140,129,1778,167.81,168.81,0,0,204
1494847,141,129,1778,173.69,172.69,0,0,204
1456963,142,129,1778,149.44,173.69,0,0,283
1295886,143,129,1778,147.44,172.69,0,0,283
1164140,144,129,1778,156.2,157.2,0,0,135
1276402,145,129,1778,158.17,157.2,1,0,244
1007234,1,129,1062,172.66,174.66,0,0,325
1151033,2,129,1062,177.51,178.51,0,0,420
1466972,3,129,1062,179.48,179.48,0,0,258
1444505,4,129,1062,178.48,180.48,0,0,365
1422022,5,129,1062,174.66,174.66,0,0,567
1199775,6,129,1062,158.14,158.14,0,0,432
1063020,7,129,1062,157.17,158.17,0,0,485
1149613,8,129,1062,161.08,161.08,0,0,324
1158820,9,129,1062,160.11,160.11,0,0,404
1486175,10,129,1062,156.23,156.23,0,0,378
1262397,11,129,1062,160.11,160.11,0,0,378
1247872,12,129,1062,172.66,174.66,0,0,404
1414572,13,129,1062,175.6,174.6,0,0,285
1466880,14,129,1062,178.48,179.48,0,0,339
1262745,15,129,1062,181.39,181.39,0,0,285
1055647,16,129,1062,182.42,181.42,0,0,244
1055693,17,129,1062,158.17,181.42,0,0,472
1288133,18,129,1062,160.11,180.42,1,0,352
1131844,19,129,1062,157.17,181.42,0,0,447
1386039,20,129,1062,162.05,182.42,0,0,311
1474779,21,129,1062,158.11,182.42,0,0,580
1008695,22,129,1062,159.14,182.42,0,0,513
1069546,23,129,1062,160.08,182.42,0,0,485
1044468,24,129,1062,173.66,174.66,0,0,269
1280438,25,129,1062,182.42,181.42,0,0,310
1355858,26,129,1062,180.42,182.42,0,0,298
1063265,27,129,1062,181.42,182.42,0,0,351
1480205,28,129,1062,181.39,182.39,0,0,338
1367976,29,129,1062,175.6,174.6,0,0,379
1493014,30,129,1062,159.08,161.08,0,0,420
1146661,31,129,1062,152.29,152.29,0,0,324
1177750,32,129,1062,161.08,152.29,1,0,514
1017298,33,129,1062,158.17,158.17,0,0,310
1305138,34,129,1062,160.11,160.11,0,0,501
1364761,35,129,1062,158.14,158.14,0,0,337
1100994,36,129,1062,161.99,161.99,0,0,378
1281323,37,129,1062,175.6,176.6,0,0,366
1407775,38,129,1062,176.6,174.6,0,0,311
1018401,39,129,1062,178.54,177.54,0,0,337
1156435,40,129,1062,178.54,177.54,0,0,350
1085031,41,129,1062,179.48,179.48,0,0,379
1498134,42,129,1062,177.51,178.51,0,0,392
1495294,43,129,1062,179.51,177.51,0,0,324
1498557,44,129,1062,175.6,176.6,0,0,460
1115091,45,129,1062,173.69,172.69,0,0,312
1017480,46,129,1062,174.6,174.6,0,0,258
1478675,47,129,1062,179.48,178.48,0,0,216
1387985,48,129,1062,177.51,178.51,0,0,325
1387173,49,129,1062,176.57,175.57,0,0,189
1053124,50,129,1062,175.6,176.6,0,0,406
1025121,51,129,1062,176.6,176.6,0,0,69
1292237,52,129,1062,180.45,179.45,0,0,285
1377954,53,129,1062,176.6,174.6,0,0,231
1440153,54,129,1062,176.54,177.54,0,0,148
1222436,55,129,1062,174.6,176.6,0,0,310
1209175,56,129,1062,173.66,173.66,0,0,364
1114084,57,129,1062,151.35,172.66,0,0,325
1066247,58,129,1062,160.08,160.08,0,0,405
1338461,59,129,1062,160.08,161.08,0,0,460
1024621,60,129,1062,158.14,159.14,0,0,231
1105859,61,129,1062,158.14,159.14,0,0,445
1032509,62,129,1062,173.66,174.66,0,0,176
1092923,63,129,1062,181.42,182.42,0,0,283
1287008,64,129,1062,182.39,183.39,0,0,311
1383371,65,129,1062,173.66,174.66,0,0,243
1261541,66,129,1062,173.66,174.66,0,0,364
1312477,67,129,1062,176.54,176.54,0,0,204
1404701,68,129,1062,179.45,180.45,0,0,244
1308651,69,129,1062,176.6,176.6,0,0,175
1434101,70,129,1062,172.69,172.69,0,0,136
1197672,71,129,1062,176.57,176.57,0,0,202
1190999,72,129,1062,179.51,177.51,0,0,297
1294618,73,129,1062,178.54,177.54,0,0,256
1402311,74,129,1062,179.48,180.48,0,0,229
1163714,75,129,1062,175.57,177.57,0,0,215
1081129,76,129,1062,179.51,178.51,0,0,256
1321423,77,129,1062,177.57,175.57,0,0,229
1415921,78,129,1062,178.54,178.54,0,0,296
1448387,79,129,1062,181.45,180.45,0,0,352
1006364,80,129,1062,178.48,178.48,0,0,258
1414241,81,129,1062,176.54,176.54,0,0,242
1040099,82,129,1062,180.45,180.45,0,0,296
1176685,83,129,1062,179.51,178.51,0,0,392
1032392,84,129,1062,181.42,180.42,0,0,188
1184901,85,129,1062,180.48,180.48,0,0,257
1394397,86,129,1062,180.48,179.48,0,0,204
1149476,87,129,1062,176.57,175.57,0,0,392
1310993,88,129,1062,157.17,175.57,0,0,270
1398782,89,129,1062,159.08,159.08,0,0,337
1128607,90,129,1062,158.17,157.17,0,0,447
1296765,91,129,1062,158.14,158.14,0,0,365
1367911,92,129,1062,158.14,157.14,0,0,284
1419110,93,129,1062,159.11,159.11,0,0,405
1027831,94,129,1062,162.05,162.05,0,0,366
1437567,95,129,1062,158.11,159.11,0,0,161
1336616,96,129,1062,159.08,161.08,0,0,404
1375094,97,129,1062,157.14,158.14,0,0,297
1176159,98,129,1062,154.23,156.23,0,0,175
1070411,99,129,1062,159.08,160.08,0,0,350
1044327,100,129,1062,159.14,158.14,0,0,258
1414851,101,129,1062,154.26,153.26,0,0,298
1460558,102,129,1062,159.14,157.14,0,0,149
1285210,103,129,1062,161.08,161.08,0,0,297
1165971,104,129,1062,157.14,157.14,0,0,364
1377922,105,129,1062,158.11,160.11,0,0,257
1318796,106,129,1062,159.11,158.11,0,0,350
1041251,107,129,1062,158.17,157.17,0,0,432
1394218,108,129,1062,158.14,157.14,0,0,350
1271557,109,129,1062,165.9,165.9,0,0,377
1217739,110,129,1062,175.57,177.57,0,0,257
1200496,111,129,1062,177.51,177.51,0,0,297
1248445,112,129,1062,180.48,179.48,0,0,298
1398350,113,129,1062,159.08,178.48,0,0,364
1497758,114,129,1062,157.17,179.48,1,0,513
1074932,115,129,1062,154.26,178.48,0,0,297
1308649,116,129,1062,155.26,179.48,1,0,404
1270562,117,129,1062,177.51,179.51,0,0,269
1188286,118,129,1062,172.69,173.69,0,0,217
1218486,119,129,1062,171.75,171.75,0,0,447
1071905,120,129,1062,177.57,175.57,0,0,337
1222191,121,129,1062,178.54,178.54,0,0,229
1157289,122,129,1062,180.42,180.42,0,0,242
1103221,123,129,1062,175.6,174.6,0,0,107
1170517,124,129,1062,170.75,169.75,0,0,95
1103031,125,129,1062,178.51,179.51,0,0,176
1085595,126,129,1062,176.54,176.54,0,0,285
1137104,127,129,1062,177.54,178.54,0,0,298
1250906,128,129,1062,175.57,175.57,0,0,216
1424793,129,129,1062,174.6,176.6,0,0,189
1327109,130,129,1062,176.54,177.54,0,0,243
1431545,131,129,1062,179.45,181.45,0,0,204
1489134,132,129,1062,155.2,181.45,1,0,338
1482537,133,129,1062,156.23,180.45,0,0,285
1273831,134,129,1062,159.11,180.45,0,0,312
1067658,135,129,1062,153.29,181.45,0,0,485
1123979,136,129,1062,162.05,179.45,0,0,202
1004803,137,129,1062,157.14,181.45,0,0,243
1393992,138,129,1062,181.42,181.42,0,0,163
1003172,139,129,1062,182.42,181.42,0,0,175
1139175,140,129,1062,178.48,178.48,0,0,378
1478602,141,129,1062,180.48,178.48,0,0,203
1342954,142,129,1062,158.14,179.48,0,0,190
1150579,143,129,1062,156.23,179.48,0,0,323
1168150,144,129,1062,154.23,179.48,0,0,298
1050730,145,129,1062,153.26,180.48,1,1,379
